 Err002 à  00:00:00:00 + 300 : NON CONVERGENCE des itérations 
       écart relatif (à Ymax et Qmax) trop grand après 99 itérations
       Itération 98 : écart en DZ = 0.824240E-02 ; écart en DQ = 0.673778E+01
       Itération 99 : écart en DZ = 0.811803E-02 ; écart en DQ = 0.663777E+01
       Z : Pm  136915.00 du bief   2 ; Q : Pm  137983.00 du bief   2
       Residu : 0.167911E+03(002:137449.00)
 Date :  00:00:00:00        > Err. Vol.: 0.12E-02 (002) MAX : 0.12E-02 (002)
 Date :  00:00:05:00        > Err. Vol.: -.18E-02 (002) MAX : -.18E-02 (002)
 Date :  00:00:12:30        > Err. Vol.: 0.14E-02 (002) MAX : -.18E-02 (002)
 Date :  00:00:17:30        > Err. Vol.: -.22E-02 (002) MAX : -.22E-02 (002)
 Date :  00:00:18:45        > Err. Vol.: -.12E-02 (002) MAX : -.22E-02 (002)
 Date :  00:00:25:00        > Err. Vol.: 0.27E-02 (002) MAX : 0.27E-02 (002)
 Date :  00:00:25:00        > Err. Vol.: 0.12E-02 (002) MAX : 0.27E-02 (002)
 Date :  00:00:30:00        > Err. Vol.: -.50E-02 (002) MAX : -.50E-02 (002)
 Date :  00:00:30:00        > Err. Vol.: -.23E-02 (002) MAX : -.50E-02 (002)
 Date :  00:00:31:14        > Err. Vol.: -.12E-02 (002) MAX : -.50E-02 (002)
 Err002 à  00:00:35:00 + 148 : NON CONVERGENCE des itérations 
       écart relatif (à Ymax et Qmax) trop grand après 99 itérations
       Itération 98 : écart en DZ = 0.271938E-14 ; écart en DQ = 0.969494E-14
       Itération 99 : écart en DZ = 0.679844E-13 ; écart en DQ = 0.259155E-12
       Z : Pm  116862.00 du bief   2 ; Q : Pm  116862.00 du bief   2
       Residu : 0.528526E-07(002:116862.00)
 Date :  00:00:37:28        > Err. Vol.: 0.12E-02 (002) MAX : -.50E-02 (002)
 Date :  00:00:42:28        > Err. Vol.: -.27E-02 (002) MAX : -.50E-02 (002)
 Date :  00:00:43:44        > Err. Vol.: -.14E-02 (002) MAX : -.50E-02 (002)
 Date :  00:00:47:32        > Err. Vol.: 0.15E-02 (002) MAX : -.50E-02 (002)
 Date :  00:00:50:00        > Err. Vol.: 0.10E-02 (002) MAX : -.50E-02 (002)
 Date :  00:00:55:00        > Err. Vol.: -.51E-02 (002) MAX : -.51E-02 (002)
 Date :  00:00:55:00        > Err. Vol.: -.27E-02 (002) MAX : -.51E-02 (002)
 Date :  00:00:56:14        > Err. Vol.: -.13E-02 (002) MAX : -.51E-02 (002)
 Date :  00:01:00:00        > Err. Vol.: 0.16E-02 (002) MAX : -.51E-02 (002)
 Date :  00:01:05:00        > Err. Vol.: -.44E-02 (002) MAX : -.51E-02 (002)
 Date :  00:01:07:28        > Err. Vol.: -.27E-02 (002) MAX : -.51E-02 (002)
 Date :  00:01:08:42        > Err. Vol.: -.12E-02 (002) MAX : -.51E-02 (002)
 Err002 à  00:11:50:00 + 300 : NON CONVERGENCE des itérations 
       écart relatif (à Ymax et Qmax) trop grand après 99 itérations
       Itération 98 : écart en DZ = 0.752628E-14 ; écart en DQ = 0.412667E-12
       Itération 99 : écart en DZ = 0.501752E-14 ; écart en DQ = 0.274184E-12
       Z : Pm   37777.00 du bief   2 ; Q : Pm   37777.00 du bief   2
       Residu : 0.194879E-06(002: 37777.00)
