 
 *********************************
 *********************************
 **           BaM !!!           **
 *********************************
 * Bayesian Model fitting        *
 *********************************
 *********************************
 
 *********************************
 **  Reading config files..     **
 
 Model: MDL_MAGE_ZQV
 ** Reading config files: DONE! **
 *********************************
 
 
 ***********************************
 ** Prediction Experiments...     **
 
 --------
 Experiment number:1/1
   1% DONE
  INRAE
  Centre Auvergne-Rhône-Alpes Est                   5 rue de La Doua - CS 20244
                                                    69625 Villeurbanne - FRANCE



                    MM      MM     AA     GGGGGGGGGG EEEEEEEEEE
                    MMM    MMM    AAAA    GGGGGGGGGG EEEEEEEEEE
                    MMMM  MMMM   AA  AA   GG         EE        
                    MM MMMM MM  AA    AA  GG         EE        
                    MM  MM  MM AAAAAAAAAA GG  GGGGGG EEEEEE    
                    MM      MM AAAAAAAAAA GG  GGGGGG EEEEEE    
                    MM      MM AA      AA GG      GG EE        
                    MM      MM AA      AA GG      GG EE        
                    MM      MM AA      AA GGGGGGGGGG EEEEEEEEEE
                    MM      MM AA      AA GGGGGGGGGG EEEEEEEEEE
  
                            Exécution du programme MAGE
                    Auteur : Jean-Baptiste Faure - INRAE - 1989-2022, Theophile Terraz - INRAE - 2022-2024

                Dépôt APP : IDDN.FR.001.180002.000.S.P.2013.000.30200
                Version : 8.3.6 - 2024-05-17 pour linux
                Dernier correctif : 4b84831 Update .gitlab-ci.yml file
                Date du dernier correctif : 2025-07-28 16:35:42 +0200
                Date de compilation : 2025-07-28_17-09-32 - Compilateur : GCC version 9.4.0
 
 Copyright (C) 2023 INRAE
 
 Mage is free software; you can redistribute it and/or
 modify it under the terms of the GNU Lesser General Public
 License as published by the Free Software Foundation; either
 version 3 of the License, or (at your option) any later version.
 
 Alternatively, you can redistribute it and/or
 modify it under the terms of the GNU General Public License as
 published by the Free Software Foundation; either version 2 of
 the License, or (at your option) any later version.
 
 Mage is distributed in the hope that it will be useful, but
 WITHOUT ANY WARRANTY; without even the implied warranty of MERCHANTABILITY or
 FITNESS FOR A PARTICULAR PURPOSE. See the GNU Lesser General Public License
 or the GNU General Public License for more details.
 
 You should have received a copy of the GNU Lesser General Public
 License and a copy of the GNU General Public License along with
 Mage. If not, see <http://www.gnu.org/licenses/>.
  
                        20 Points maximum pour décrire la géométrie d'un casier
                        15 Ouvrages élémentaires maximum par section singulière
                           Précision des réels : 15 chiffres (8 octets) - Fichier BIN complet
                           Parallélisation OpenMP inactive

 Lecture du fichier répertoire : Rhone_PCH_Ain.REP
 Initialisation de la topologie et de la géométrie sans couches sédimentaires
 Lecture de Rhone_PCH_Ain.NET
 Lecture de Rhone_PCH_Ain.PAR
 Lecture de Rhone_PCH_Ain.RUG
 Le fichier d'état initial Rhone_PCH_Ain.INI sera ignoré sur ordre de 
 État initial calculé par MAGE à partir des C.L. à l'instant initial ; débit simple avec Debord si débordement
 Lecture de Rhone_PCH_Ain.HYD
 Lecture de Rhone_PCH_Ain.LIM
 Lecture de Rhone_PCH_Ain.LAT
 Lecture de Rhone_PCH_Ain.DEV
 ----> Fin normale de l'initialisation
 ----> Analyse de la géométrie (voir les détails dans Rhone_PCH_Ain.TRA)
       ---> Recherche des marches d'escalier aux noeuds
       ---> Recherche des ruptures de pente dans les biefs
       ---> Recherche des variations importantes de largeur du lit mineur
       ---> Vérification du calcul des paramètres géométriques
       ---> Vérification de la cote du fond des lits majeurs
       ---> Vérification détaillée des lits majeurs...
            Vérification des lits majeurs : OK (197 profils corrigés)
            Voir le fichier TRA pour les détails
 ----> Modélisation des débordements avec Debord
 État Initial : estimation du régime permanent
 Fin du calcul d'initialisation en permanent
 ### T:   02:02:50:00        <04>----      Cr: 180. (003: 30500.00) Résidu: 0.418E-05 (006: 27561.67) Fr:  0.580 (002: 35714.29)
 ### T:   02:08:55:56        <06>------    Cr: 1.21 (003: 30500.00) Résidu: 0.780E-03 (004: 39646.00) Fr:  0.571 (002: 35714.29)
 >>>> ATTENTION : résidu trop grand !!! Maximum (0.297378E+01) atteint à t =  02:17:00:00
                  La solution calculée est probablement fausse autour de cette date.
 Fin de la simulation à  03:02:41:00       
 Date finale attendue :  03:02:41:00       
 Apparemment tout va bien, vérifiez quand même en consultant les listings de MAGE
 En cas de problème consulter l'analyse de la géométrie dans TRA
 >>>> Fin normale de MAGE <<<<
  INRAE
  Centre Auvergne-Rhône-Alpes Est                   5 rue de La Doua - CS 20244
                                                    69625 Villeurbanne - FRANCE



                    MM      MM     AA     GGGGGGGGGG EEEEEEEEEE
                    MMM    MMM    AAAA    GGGGGGGGGG EEEEEEEEEE
                    MMMM  MMMM   AA  AA   GG         EE        
                    MM MMMM MM  AA    AA  GG         EE        
                    MM  MM  MM AAAAAAAAAA GG  GGGGGG EEEEEE    
                    MM      MM AAAAAAAAAA GG  GGGGGG EEEEEE    
                    MM      MM AA      AA GG      GG EE        
                    MM      MM AA      AA GG      GG EE        
                    MM      MM AA      AA GGGGGGGGGG EEEEEEEEEE
                    MM      MM AA      AA GGGGGGGGGG EEEEEEEEEE
  
                            Exécution du programme MAGE
                    Auteur : Jean-Baptiste Faure - INRAE - 1989-2022, Theophile Terraz - INRAE - 2022-2024

                Dépôt APP : IDDN.FR.001.180002.000.S.P.2013.000.30200
                Version : 8.3.6 - 2024-05-17 pour linux
                Dernier correctif : 4b84831 Update .gitlab-ci.yml file
                Date du dernier correctif : 2025-07-28 16:35:42 +0200
                Date de compilation : 2025-07-28_17-09-32 - Compilateur : GCC version 9.4.0
 
 Copyright (C) 2023 INRAE
 
 Mage is free software; you can redistribute it and/or
 modify it under the terms of the GNU Lesser General Public
 License as published by the Free Software Foundation; either
 version 3 of the License, or (at your option) any later version.
 
 Alternatively, you can redistribute it and/or
 modify it under the terms of the GNU General Public License as
 published by the Free Software Foundation; either version 2 of
 the License, or (at your option) any later version.
 
 Mage is distributed in the hope that it will be useful, but
 WITHOUT ANY WARRANTY; without even the implied warranty of MERCHANTABILITY or
 FITNESS FOR A PARTICULAR PURPOSE. See the GNU Lesser General Public License
 or the GNU General Public License for more details.
 
 You should have received a copy of the GNU Lesser General Public
 License and a copy of the GNU General Public License along with
 Mage. If not, see <http://www.gnu.org/licenses/>.
  
                        20 Points maximum pour décrire la géométrie d'un casier
                        15 Ouvrages élémentaires maximum par section singulière
                           Précision des réels : 15 chiffres (8 octets) - Fichier BIN complet
                           Parallélisation OpenMP inactive

 Lecture du fichier répertoire : Rhone_PCH_Ain.REP
 Initialisation de la topologie et de la géométrie sans couches sédimentaires
 Lecture de ../AIN_90/Rhone_PCH_Ain.NET
 Lecture de Rhone_PCH_Ain.PAR
 Lecture de Rhone_PCH_Ain.RUG
 Le fichier d'état initial Rhone_PCH_Ain.INI sera ignoré sur ordre de 
 État initial calculé par MAGE à partir des C.L. à l'instant initial ; débit simple avec Debord si débordement
 Lecture de Rhone_PCH_Ain.HYD
 Lecture de Rhone_PCH_Ain.LIM
 Lecture de ../AIN_90/Rhone_PCH_Ain.LAT
 Lecture de ../AIN_90/Rhone_PCH_Ain.DEV
 ----> Fin normale de l'initialisation
 ----> Analyse de la géométrie (voir les détails dans Rhone_PCH_Ain.TRA)
       ---> Recherche des marches d'escalier aux noeuds
       ---> Recherche des ruptures de pente dans les biefs
       ---> Recherche des variations importantes de largeur du lit mineur
       ---> Vérification du calcul des paramètres géométriques
       ---> Vérification de la cote du fond des lits majeurs
       ---> Vérification détaillée des lits majeurs...
            Vérification des lits majeurs : OK (197 profils corrigés)
            Voir le fichier TRA pour les détails
 ----> Modélisation des débordements avec Debord
 État Initial : estimation du régime permanent
 Fin du calcul d'initialisation en permanent
 ### T:   01:13:21:27        <06>------    Cr: 0.29 (004: 39999.00) Résidu: 0.370E-04 (004: 39692.00) Fr:  0.641 (002: 35714.29)
 ### T:   01:13:38:20        <06>------    Cr: 36.5 (004: 39999.00) Résidu: 0.817E-04 (004: 39266.00) Fr:  0.643 (002: 35714.29)
 ### T:   02:01:08:41        <06>------    Cr: 0.31 (004: 39999.00) Résidu: 0.170E-02 (004: 39316.00) Fr:  0.592 (006: 29203.50)
 ### T:   03:00:07:24        <06>------    Cr: 0.32 (003: 30500.00) Résidu: 0.758E-03 (004: 39316.00) Fr:  0.594 (006: 29203.50)
 >>>> ATTENTION : résidu trop grand !!! Maximum (0.999985E-01) atteint à t =  02:08:00:40
                  La solution calculée est probablement fausse autour de cette date.
 Fin de la simulation à  03:01:00:00       
 Date finale attendue :  03:01:00:00       
 Apparemment tout va bien, vérifiez quand même en consultant les listings de MAGE
 En cas de problème consulter l'analyse de la géométrie dans TRA
 >>>> Fin normale de MAGE <<<<
 ~~~~~~~~
 Processing spaghettis (transposing & computing envelops)
 WARNING: Computation of envelops.
 A single spaghetti is available, no point computing envelop.
 Computation is skipped
 WARNING: Computation of envelops.
 A single spaghetti is available, no point computing envelop.
 Computation is skipped
 WARNING: Computation of envelops.
 A single spaghetti is available, no point computing envelop.
 Computation is skipped
 WARNING: Computation of envelops.
 A single spaghetti is available, no point computing envelop.
 Computation is skipped
 WARNING: Computation of envelops.
 A single spaghetti is available, no point computing envelop.
 Computation is skipped
 
 ** Prediction Experiments: DONE! **
 ***********************************
 
 
 *********************************
 *********************************
 **           BaM !!!!          **
 *********************************
 *           All done!           *
 *********************************
 *********************************
 
 Press [enter] and I'll go away
